Brevo API Key initialized: xkey...
node : C:\Users\DELL\
Desktop\Projects\Job 
portal project\server
\node_modules\express
\lib\router\route.js:
216
At line:1 char:1
+ node api/index.js 
> error_log.txt 2>&1
+ ~~~~~~~~~~~~~~~~~~~
~~~~~~~~~~~~~~~~~~~
    + CategoryInfo   
           : NotSpe  
  cified: (C:\User   
 s\DELL\D...er\ro    
ute.js:216:Strin    
g) [], RemoteExc    
eption
    + FullyQualified 
   ErrorId : Native  
  CommandError
 
        throw new 
Error(msg);
        ^

Error: Route.post() 
requires a callback 
function but got a 
[object Undefined]
    at 
Route.<computed> [as 
post] (C:\Users\DELL\
Desktop\Projects\Job 
portal project\server
\node_modules\express
\lib\router\route.js:
216:15)
    at 
proto.<computed> [as 
post] (C:\Users\DELL\
Desktop\Projects\Job 
portal project\server
\node_modules\express
\lib\router\index.js:
521:19)
    at 
Object.<anonymous> (C
:\Users\DELL\Desktop\
Projects\Job portal p
roject\server\routes\
authRoutes.js:20:8)
    at 
Module._compile (node
:internal/modules/cjs
/loader:1730:14)
    at Object..js (no
de:internal/modules/c
js/loader:1895:10)
    at Module.load (n
ode:internal/modules/
cjs/loader:1465:32)
    at 
Function._load (node:
internal/modules/cjs/
loader:1282:12)
    at TracingChannel
.traceSync (node:diag
nostics_channel:322:1
4)
    at 
wrapModuleLoad (node:
internal/modules/cjs/
loader:235:24)
    at 
Module.require (node:
internal/modules/cjs/
loader:1487:12)

Node.js v22.16.0
